matches the snapshot:
  1: |
    apiVersion: core.openmfp.io/v1alpha1
    kind: ContentConfiguration
    metadata:
      name: accounts
      namespace: NAMESPACE
    spec:
      inlineConfiguration:
        content: |2-
          {
            "name": "overview",
            "luigiConfigFragment": [
              {
                "data": {
                  "nodes": [
                    {
                      "entityType": "main",
                      "pathSegment": "accounts",
                      "label": "Account List",
                      "keepSelectedForChildren": true,
                      "icon": "home",
                      "url": "https://fiddle.luigi-project.io/examples/microfrontends/multipurpose.html",
                      "context": {
                        "title": "Welcome to Account List",
                        "content": " "
                      },
                      "children": [
                        {
                          "pathSegment": ":accountId",
                          "hideFromNav": true,
                          "keepSelectedForChildren": false,
                          "defineEntity": {
                            "id": "account"
                          },
                          "context": {
                            "accountId": ":accountId"
                          }
                        }
                      ]
                    },
                    {
                      "entityType": "main.account",
                      "pathSegment": "overview",
                      "label": "Overview",
                      "icon": "curriculum",
                      "url": "https://fiddle.luigi-project.io/examples/microfrontends/multipurpose.html?acc=:accountId",
                      "context": {
                        "title": ":accountId",
                        "content": " "
                      }
                    }
                  ]
                }
              }
            ]
          }
        contentType: json
  2: |
    apiVersion: core.openmfp.io/v1alpha1
    kind: ContentConfiguration
    metadata:
      name: gardener
      namespace: NAMESPACE
    spec:
      inlineConfiguration:
        content: |2-
          {
            "name": "gardener",
            "luigiConfigFragment": [
              {
                "data": {
                  "nodes": [
                    {
                      "entityType": "main.account",
                      "pathSegment": "gardener",
                      "label": "Gardener Dashboard",
                      "virtualTree": true,
                      "initialRoute": "projects",
                      "url": "https://d.ing.gardener-op.mfp-dev.shoot.canary.k8s-hana.ondemand.com?account=:accountId",
                      "icon": "https://d.ing.gardener-op.mfp-dev.shoot.canary.k8s-hana.ondemand.com/static/assets/logo.svg",
                      "loadingIndicator": {
                        "enabled": false
                      }
                    }
                  ]
                }
              }
            ]
          }
        contentType: json
  3: |
    apiVersion: core.openmfp.io/v1alpha1
    kind: ContentConfiguration
    metadata:
      name: home
      namespace: NAMESPACE
    spec:
      inlineConfiguration:
        content: |2-
          {
            "name": "overview",
            "luigiConfigFragment": [
              {
                "data": {
                  "nodes": [
                    {
                      "entityType": "global",
                      "pathSegment": "home",
                      "hideFromNav": true,
                      "defineEntity": {
                        "id": "main"
                      },
                      "children": [
                        {
                          "pathSegment": "overview",
                          "label": "Overview Home",
                          "icon": "home",
                          "url": "https://fiddle.luigi-project.io/examples/microfrontends/multipurpose.html",
                          "context": {
                            "title": "Welcome to OpenMFP Portal",
                            "content": " "
                          }
                        }
                      ]
                    }
                  ]
                }
              }
            ]
          }
        contentType: json
