matches the snapshot:
  1: |
    apiVersion: core.openmfp.io/v1alpha1
    kind: ContentConfiguration
    metadata:
      name: home
      namespace: NAMESPACE
    spec:
      inlineConfiguration:
        content: |2-
          {
            "name": "overview",
            "creationTimestamp": "2022-05-17T11:37:17Z",
            "luigiConfigFragment": [
              {
                "data": {
                  "nodes": [
                    {
                      "entityType": "global",
                      "pathSegment": "home",
                      "hideFromNav": true,
                      "defineEntity": {
                        "id": "main"
                      },
                      "children": [
                        {
                          "pathSegment": "overview",
                          "label": "Overview",
                          "icon": "home",
                          "url": "https://fiddle.luigi-project.io/examples/microfrontends/multipurpose.html",
                          "context": {
                            "title": "Welcome to OpenMFP Portal",
                            "content": " "
                          }
                        }
                      ]
                    }
                  ]
                }
              }
            ]
          }
        contentType: json
matches the snapshot (gardener):
  1: |
    apiVersion: core.openmfp.io/v1alpha1
    kind: ContentConfiguration
    metadata:
      name: gardener
      namespace: NAMESPACE
    spec:
      inlineConfiguration:
        content: |2-
          {
            "name": "gardener",
            "creationTimestamp": "2022-05-17T11:37:17Z",
            "luigiConfigFragment": [
              {
                "data": {
                  "nodes": [
                    {
                      "entityType": "main.account",
                      "pathSegment": "gardener",
                      "label": "Gardener",
                      "category": {
                        "label": "Kubernetes",
                        "icon": "https://d.ing.gardener-op.mfp-dev.shoot.canary.k8s-hana.ondemand.com/static/assets/logo.svg",
                        "collapsible": false
                      },
                      "virtualTree": true,
                      "initialRoute": "namespace",
                      "url": "https://d.ing.gardener-op.mfp-dev.shoot.canary.k8s-hana.ondemand.com",
                      "icon": "https://d.ing.gardener-op.mfp-dev.shoot.canary.k8s-hana.ondemand.com/static/assets/logo.svg",
                      "loadingIndicator": {
                        "enabled": false
                      },
                      "requiredIFramePermissions": {
                        "sandbox": [
                          "allow-forms",
                          "allow-modals",
                          "allow-popups",
                          "allow-popups-to-escape-sandbox",
                          "allow-same-origin",
                          "allow-scripts"
                        ],
                        "allow": [
                          "clipboard-read",
                          "clipboard-write"
                        ]
                      }
                    }
                  ]
                }
              }
            ]
          }
        contentType: json
  2: |
    apiVersion: core.openmfp.io/v1alpha1
    kind: ContentConfiguration
    metadata:
      name: home
      namespace: NAMESPACE
    spec:
      inlineConfiguration:
        content: |2-
          {
            "name": "overview",
            "creationTimestamp": "2022-05-17T11:37:17Z",
            "luigiConfigFragment": [
              {
                "data": {
                  "nodes": [
                    {
                      "entityType": "global",
                      "pathSegment": "home",
                      "hideFromNav": true,
                      "defineEntity": {
                        "id": "main"
                      },
                      "children": [
                        {
                          "pathSegment": "overview",
                          "label": "Overview",
                          "icon": "home",
                          "url": "https://fiddle.luigi-project.io/examples/microfrontends/multipurpose.html",
                          "context": {
                            "title": "Welcome to OpenMFP Portal",
                            "content": " "
                          }
                        }
                      ]
                    }
                  ]
                }
              }
            ]
          }
        contentType: json
matches the snapshot (infra):
  1: |
    apiVersion: core.openmfp.io/v1alpha1
    kind: ContentConfiguration
    metadata:
      name: home
      namespace: NAMESPACE
    spec:
      inlineConfiguration:
        content: |2-
          {
            "name": "overview",
            "creationTimestamp": "2022-05-17T11:37:17Z",
            "luigiConfigFragment": [
              {
                "data": {
                  "nodes": [
                    {
                      "entityType": "global",
                      "pathSegment": "home",
                      "hideFromNav": true,
                      "defineEntity": {
                        "id": "main"
                      },
                      "children": [
                        {
                          "pathSegment": "overview",
                          "label": "Overview",
                          "icon": "home",
                          "url": "https://fiddle.luigi-project.io/examples/microfrontends/multipurpose.html",
                          "context": {
                            "title": "Welcome to OpenMFP Portal",
                            "content": " "
                          }
                        }
                      ]
                    }
                  ]
                }
              }
            ]
          }
        contentType: json
  2: |
    apiVersion: core.openmfp.io/v1alpha1
    kind: ContentConfiguration
    metadata:
      name: infra
      namespace: NAMESPACE
    spec:
      inlineConfiguration:
        content: |2-
          {
            "name": "overview",
            "creationTimestamp": "2022-05-17T11:37:17Z",
            "luigiConfigFragment": [
              {
                "data": {
                  "nodes": [
                    {
                      "pathSegment": "ironcore",
                      "label": "Iron Core",
                      "entityType": "main.account",
                      "category": {
                        "label": "Infrastructure",
                        "collapsible": false
                      },
                      "loadingIndicator": {
                        "enabled": false
                      },
                      "keepSelectedForChildren": true,
                      "url": "https://fiddle.luigi-project.io/examples/microfrontends/multipurpose.html",
                      "children": [ ],
                      "context": {
                        "title": "Iron Core",
                        "content": " "
                      }
                    },
                    {
                      "pathSegment": "openmcp",
                      "label": "OpenMCP",
                      "entityType": "main.account",
                      "category": "Infrastructure",
                      "loadingIndicator": {
                        "enabled": false
                      },
                      "keepSelectedForChildren": true,
                      "url": "https://fiddle.luigi-project.io/examples/microfrontends/multipurpose.html",
                      "children": [ ],
                      "context": {
                        "title": "OpenMCP",
                        "content": " "
                      }
                    }
                  ]
                }
              }
            ]
          }
        contentType: json
matches the snapshot (providers):
  1: |
    apiVersion: core.openmfp.io/v1alpha1
    kind: ContentConfiguration
    metadata:
      name: home
      namespace: NAMESPACE
    spec:
      inlineConfiguration:
        content: |2-
          {
            "name": "overview",
            "creationTimestamp": "2022-05-17T11:37:17Z",
            "luigiConfigFragment": [
              {
                "data": {
                  "nodes": [
                    {
                      "entityType": "global",
                      "pathSegment": "home",
                      "hideFromNav": true,
                      "defineEntity": {
                        "id": "main"
                      },
                      "children": [
                        {
                          "pathSegment": "overview",
                          "label": "Overview",
                          "icon": "home",
                          "url": "https://fiddle.luigi-project.io/examples/microfrontends/multipurpose.html",
                          "context": {
                            "title": "Welcome to OpenMFP Portal",
                            "content": " "
                          }
                        }
                      ]
                    }
                  ]
                }
              }
            ]
          }
        contentType: json
  2: |
    apiVersion: core.openmfp.io/v1alpha1
    kind: ContentConfiguration
    metadata:
      name: providers
      namespace: NAMESPACE
    spec:
      inlineConfiguration:
        content: |2-
          {
            "name": "overview",
            "creationTimestamp": "2022-05-17T11:37:17Z",
            "luigiConfigFragment": [
              {
                "data": {
                  "nodes": [
                    {
                      "pathSegment": "providers",
                      "label": "Providers",
                      "entityType": "main",
                      "loadingIndicator": {
                        "enabled": false
                      },
                      "keepSelectedForChildren": true,
                      "url": "https://fiddle.luigi-project.io/examples/microfrontends/multipurpose.html",
                      "children": [ ],
                      "context": {
                        "title": "Catalog of Active Providers",
                        "content": " "
                      }
                    }
                  ]
                }
              }
            ]
          }
        contentType: json
